// Jest Snapshot v1, https://jestjs.io/docs/snapshot-testing

exports[`DopplerGraph : dessin sérialise fidèlement une scène complète de dessin 1`] = `
[
  [
    "clearRect",
    0,
    0,
    400,
    200,
  ],
  [
    "set:fillStyle",
    "rgba(0, 0, 0, 0.3)",
  ],
  [
    "fillRect",
    0,
    0,
    400,
    200,
  ],
  [
    "set:font",
    "11px sans-serif",
  ],
  [
    "set:textAlign",
    "right",
  ],
  [
    "set:textBaseline",
    "middle",
  ],
  [
    "set:fillStyle",
    "rgba(255, 255, 255, 0.03)",
  ],
  [
    "fillRect",
    60,
    10,
    330,
    82.5,
  ],
  [
    "set:fillStyle",
    "rgba(255, 255, 255, 0.7)",
  ],
  [
    "fillText",
    "Alice",
    55,
    51.25,
  ],
  [
    "set:fillStyle",
    "rgba(0, 0, 0, 0.1)",
  ],
  [
    "fillRect",
    60,
    92.5,
    330,
    82.5,
  ],
  [
    "set:fillStyle",
    "rgba(255, 255, 255, 0.7)",
  ],
  [
    "fillText",
    "Bob",
    55,
    133.75,
  ],
  [
    "set:strokeStyle",
    "rgba(255, 255, 255, 0.3)",
  ],
  [
    "set:lineWidth",
    1,
  ],
  [
    "beginPath",
  ],
  [
    "moveTo",
    60,
    175,
  ],
  [
    "lineTo",
    390,
    175,
  ],
  [
    "stroke",
  ],
  [
    "set:fillStyle",
    "rgba(255, 255, 255, 0.5)",
  ],
  [
    "set:font",
    "10px sans-serif",
  ],
  [
    "set:textAlign",
    "center",
  ],
  [
    "set:textBaseline",
    "top",
  ],
  [
    "beginPath",
  ],
  [
    "moveTo",
    60,
    175,
  ],
  [
    "lineTo",
    60,
    178,
  ],
  [
    "stroke",
  ],
  [
    "fillText",
    "10.0s",
    60,
    180,
  ],
  [
    "beginPath",
  ],
  [
    "moveTo",
    126,
    175,
  ],
  [
    "lineTo",
    126,
    178,
  ],
  [
    "stroke",
  ],
  [
    "fillText",
    "12.0s",
    126,
    180,
  ],
  [
    "beginPath",
  ],
  [
    "moveTo",
    192,
    175,
  ],
  [
    "lineTo",
    192,
    178,
  ],
  [
    "stroke",
  ],
  [
    "fillText",
    "14.0s",
    192,
    180,
  ],
  [
    "beginPath",
  ],
  [
    "moveTo",
    258,
    175,
  ],
  [
    "lineTo",
    258,
    178,
  ],
  [
    "stroke",
  ],
  [
    "fillText",
    "16.0s",
    258,
    180,
  ],
  [
    "beginPath",
  ],
  [
    "moveTo",
    324,
    175,
  ],
  [
    "lineTo",
    324,
    178,
  ],
  [
    "stroke",
  ],
  [
    "fillText",
    "18.0s",
    324,
    180,
  ],
  [
    "beginPath",
  ],
  [
    "moveTo",
    390,
    175,
  ],
  [
    "lineTo",
    390,
    178,
  ],
  [
    "stroke",
  ],
  [
    "fillText",
    "20.0s",
    390,
    180,
  ],
  [
    "beginPath",
  ],
  [
    "arc",
    126,
    47.25,
    4,
    0,
    6.283185307179586,
  ],
  [
    "set:fillStyle",
    "rgb(44, 182, 179)",
  ],
  [
    "fill",
  ],
  [
    "set:strokeStyle",
    "rgba(255, 107, 107, 0.8)",
  ],
  [
    "set:lineWidth",
    1.5,
  ],
  [
    "stroke",
  ],
  [
    "beginPath",
  ],
  [
    "arc",
    258,
    137.75,
    4,
    0,
    6.283185307179586,
  ],
  [
    "set:fillStyle",
    "rgb(146, 162, 77)",
  ],
  [
    "fill",
  ],
  [
    "set:strokeStyle",
    "rgba(74, 222, 128, 0.8)",
  ],
  [
    "set:lineWidth",
    1.5,
  ],
  [
    "stroke",
  ],
  [
    "set:fillStyle",
    "rgb(74, 222, 128)",
  ],
  [
    "set:globalAlpha",
    0.7,
  ],
  [
    "fillRect",
    291,
    47.25,
    66,
    8,
  ],
  [
    "set:globalAlpha",
    1,
  ],
  [
    "set:strokeStyle",
    "rgba(255, 255, 255, 0.5)",
  ],
  [
    "set:lineWidth",
    1,
  ],
  [
    "strokeRect",
    291,
    47.25,
    66,
    8,
  ],
  [
    "set:strokeStyle",
    "rgba(255, 255, 255, 0.6)",
  ],
  [
    "set:lineWidth",
    1,
  ],
  [
    "setLineDash",
    [
      3,
      3,
    ],
  ],
  [
    "beginPath",
  ],
  [
    "moveTo",
    390,
    10,
  ],
  [
    "lineTo",
    390,
    175,
  ],
  [
    "stroke",
  ],
  [
    "setLineDash",
    [],
  ],
  [
    "set:fillStyle",
    "rgba(255, 255, 255, 0.5)",
  ],
  [
    "set:font",
    "9px sans-serif",
  ],
  [
    "set:textAlign",
    "right",
  ],
  [
    "fillText",
    "τ",
    387,
    15,
  ],
]
`;
